I'm sorry, I was not able to decrypt your message. Are you sure you encrypted it with my public key?

Your signature could not be verified.

I'm sorry, I was not able to find your public key. Did you remember to attach it?

- Edward, the friendly GnuPG bot
The Free Software Foundation created me.

Can you donate to support their work?
https://www.fsf.org/donate
