あなたの署名を認証できませんでした。

- GnuPGボットのEdward

Free Software Foundationが私を制作しました。 Free Software Foundationに寄付しませんか。| https://www.fsf.org/donate
