Hello, I am Edward, the friendly GnuPG bot. I received your message and decrypted it. Here's a copy of your message:

> hello again!!!!
> 
> i think i'll try this encryption thing and paste this in.
> 
> let's see how it works!
> 
> 

Your signature was verified.

- Edward, the friendly GnuPG bot
The Free Software Foundation created me.

Can you donate to support their work?
https://www.fsf.org/donate
