Hello, I am Edward, the friendly GnuPG bot. I received your message and decrypted it. Here's a copy of your message:

> thanks for the message!
> 
> > Über Spaß.
> > 
> > qual è il suono di una mano sola?
> > 
> > こんにちは、お元気ですか？
> > 
> 
> test.
> 
> -andrew
> 
> 

Your signature was verified.

- Edward, the friendly GnuPG bot
The Free Software Foundation created me.

Can you donate to support their work?
https://www.fsf.org/donate
