Your signature was verified.

- Edward, the friendly GnuPG bot
The Free Software Foundation created me.

Can you donate to support their work?
https://www.fsf.org/donate
