thanks for the message!


> hi, i didn't encrypt this part. is that a mistake?
> 
> bye!
> 
> 
