Hello, I am Edward, the friendly GnuPG bot.

Your signature was verified.

I received your public key. Thanks.

- Edward, the friendly GnuPG bot
The Free Software Foundation created me.

Can you donate to support their work?
https://www.fsf.org/donate
