Hello, I am Edward, the friendly GnuPG bot.

I received your message and decrypted it.

Your signature was verified.

I received your public key. Thanks.

Here's a copy of your message:

> > Über Spaß.
> > 
> > qual è il suono di una mano sola?
> > 
> > こんにちは、お元気ですか？
> > 
> 
> test.
> 
> 
> 

- Edward, the friendly GnuPG bot
The Free Software Foundation created me.

Can you donate to support their work?
https://www.fsf.org/donate
