To: No One <noone@localhost>
Subject: =?UTF-8?B?44GT44KT44Gr44Gh44Gv44CB44GK5YWD5rCX44Gn44GZ44GL77yf?=

Sorry, i couldn't find your key.
I'll need that to encrypt a message to you.
